// Jest Snapshot v1, https://goo.gl/fbAQLP

exports[`QorusLogin Utility Class Tests Should change the selected endpoint url and logout the user 1`] = `"https://testme.com"`;

exports[`QorusLogin Utility Class Tests Should initialize the endpoint and assign it to the selected endpoint 1`] = `
{
  "endpointId": "rippy",
  "url": "https://sandbox.qoretechnologies.com",
  "version": "latest",
}
`;

exports[`QorusLogin Utility Class Tests Should return all the endpoints 1`] = `1`;

exports[`QorusLogin Utility Class Tests Should return api paths for the selected endpoint 1`] = `
{
  "authenticator": {
    "login": "/api/latest/public/login",
    "logout": "/api/latest/logout",
    "validateNoAuth": "/api/latest/public/info",
    "validateToken": "/api/latest/system?action=validateWsToken",
  },
  "dataProviders": {
    "browse": "/api/latest/dataprovider/browse",
  },
  "jobs": {
    "browse": "/api/latest/jobs",
  },
  "workflows": {
    "browse": "/api/latest/workflows",
  },
}
`;

exports[`QorusLogin Utility Class Tests Should return the current endpoint 1`] = `"rippy"`;

exports[`QorusLogin Utility Class Tests Should select the endpoint by the provided id 1`] = `Promise {}`;

exports[`QorusLogin Utility Class Tests Should set a new version for the endpoint 1`] = `5`;
